// Jest Snapshot v1, https://goo.gl/fbAQLP

exports[`inventory update screen displays current item 1`] = `
<div>
  <header>
    <h1>
      RESTaurant Inventory 
    </h1>
    <h3>
      <a
        href="/add"
      >
        Add an Item
      </a>
    </h3>
    <h3>
      <a
        href="/"
      >
        Return to Inventory
      </a>
    </h3>
  </header>
  <form>
    <label
      for="totalItems"
    >
      Number of Items: 
    </label>
    <input
      id="totalItems"
      name="totalItems"
      type="number"
      value=""
    />
    <label
      for="totalPrice"
    >
       Total Price: 
    </label>
    <input
      id="totalPrice"
      name="totalPrice"
      type="number"
      value=""
    />
  </form>
  <article
    aria-label="inventory item"
  >
    <h2 />
    <p>
      Category:
       
    </p>
    <p>
      Item Price:
       
    </p>
    <p>
      Total Items:
       
    </p>
    <p>
      Total Price:
       
    </p>
  </article>
</div>
`;
